
> react-kavia@0.1.0 start
> cross-env EDIT_MODE=true webpack serve --config .ve/webpack.config.js --mode development

<i> [webpack-dev-server] Project is running at:
<i> [webpack-dev-server] Loopback: http://localhost:3000/, http://[::1]:3000/
<i> [webpack-dev-server] On Your Network (IPv4): http://172.17.0.2:3000/
<i> [webpack-dev-server] Content not from webpack is served from './public' directory
Injecting EditorRootWrapper import: ../.ve/EditorRootWrapper
asset bundle.js 1.41 MiB [emitted] (name: main)
asset index.html 1.98 KiB [emitted]
runtime modules 27.5 KiB 14 modules
modules by path ./node_modules/ 1.24 MiB 31 modules
modules by path ./src/ 23.6 KiB
  modules by path ./src/*.css 5.85 KiB 4 modules
  modules by path ./src/*.js 9 KiB 3 modules
  modules by path ./src/components/*.js 8.73 KiB
    ./src/components/Navbar.js 3.36 KiB [built] [code generated]
    ./src/components/BrowseNovels.js 5.37 KiB [built] [code generated]
modules by path ./.ve/ 15.1 KiB
  modules by path ./.ve/*.js 10.6 KiB 2 modules
  modules by path ./.ve/*.css 2.93 KiB
    ./.ve/EditorOverlay.css 2.25 KiB [built] [code generated]
    ./node_modules/css-loader/dist/cjs.js!./.ve/EditorOverlay.css 697 bytes [built] [code generated]
  ./.ve/EditorOverlay.jsx 1.58 KiB [built] [code generated]
webpack 5.99.9 compiled successfully in 1232 ms
assets by status 1.98 KiB [cached] 1 asset
assets by path *.js 1.42 MiB
  asset bundle.js 1.41 MiB [emitted] (name: main)
  asset main.2a5bcfce0075f5111e1c.hot-update.js 7.04 KiB [emitted] [immutable] [hmr] (name: main)
asset main.2a5bcfce0075f5111e1c.hot-update.json 28 bytes [emitted] [immutable] [hmr]
Entrypoint main 1.42 MiB = bundle.js 1.41 MiB main.2a5bcfce0075f5111e1c.hot-update.js 7.04 KiB
cached modules 1.27 MiB [cached] 44 modules
runtime modules 27.5 KiB 14 modules
./src/components/Navbar.js 4.39 KiB [built] [code generated]
webpack 5.99.9 compiled successfully in 128 ms
assets by status 1.98 KiB [cached] 1 asset
assets by path *.js 1.42 MiB
  asset bundle.js 1.41 MiB [emitted] (name: main)
  asset main.103662ae5e891faf28dc.hot-update.js 12 KiB [emitted] [immutable] [hmr] (name: main)
asset main.103662ae5e891faf28dc.hot-update.json 28 bytes [emitted] [immutable] [hmr]
Entrypoint main 1.42 MiB = bundle.js 1.41 MiB main.103662ae5e891faf28dc.hot-update.js 12 KiB
cached modules 1.27 MiB [cached] 44 modules
runtime modules 27.5 KiB 14 modules
./src/App.js 7.81 KiB [built] [code generated]
webpack 5.99.9 compiled successfully in 71 ms
assets by status 1.98 KiB [cached] 1 asset
assets by path *.js 1.42 MiB
  asset bundle.js 1.41 MiB [emitted] (name: main)
  asset main.b82c0f4a284f6b3575e2.hot-update.js 8.59 KiB [emitted] [immutable] [hmr] (name: main)
asset main.b82c0f4a284f6b3575e2.hot-update.json 28 bytes [emitted] [immutable] [hmr]
Entrypoint main 1.42 MiB = bundle.js 1.41 MiB main.b82c0f4a284f6b3575e2.hot-update.js 8.59 KiB
cached modules 1.27 MiB [cached] 44 modules
runtime modules 27.5 KiB 14 modules
./src/components/BrowseNovels.js 5.6 KiB [built] [code generated]
webpack 5.99.9 compiled successfully in 65 ms
assets by status 1.98 KiB [cached] 1 asset
assets by path *.js 1.42 MiB
  asset bundle.js 1.41 MiB [emitted] (name: main)
  asset main.38dfbd149d381b5b604b.hot-update.js 3.92 KiB [emitted] [immutable] [hmr] (name: main)
asset main.38dfbd149d381b5b604b.hot-update.json 28 bytes [emitted] [immutable] [hmr]
Entrypoint main 1.42 MiB = bundle.js 1.41 MiB main.38dfbd149d381b5b604b.hot-update.js 3.92 KiB
cached modules 1.28 MiB [cached] 44 modules
runtime modules 27.5 KiB 14 modules
./src/ThemeContext.js 1.87 KiB [built] [code generated]
webpack 5.99.9 compiled successfully in 42 ms
assets by status 1.98 KiB [cached] 1 asset
assets by path *.js 1.42 MiB
  asset bundle.js 1.41 MiB [emitted] (name: main)
  asset main.2af9f903a899d44b976c.hot-update.js 3.35 KiB [emitted] [immutable] [hmr] (name: main)
asset main.2af9f903a899d44b976c.hot-update.json 28 bytes [emitted] [immutable] [hmr]
Entrypoint main 1.42 MiB = bundle.js 1.41 MiB main.2af9f903a899d44b976c.hot-update.js 3.35 KiB
cached modules 1.28 MiB [cached] 44 modules
runtime modules 27.5 KiB 14 modules
./node_modules/css-loader/dist/cjs.js!./src/App.css 1010 bytes [built] [code generated]
webpack 5.99.9 compiled successfully in 34 ms
